//
// Source
// ------------------------------------------

import androidx.compose.runtime.Composable

@Composable fun A() {
    B {}
}

//
// Transformed IR
// ------------------------------------------

@Composable
@FunctionKeyMeta(key = -1415351701, startOffset = 81, endOffset = 125)
fun A(%composer: Composer?, %changed: Int) {
  %composer = %composer.startRestartGroup(<>)
  sourceInformation(%composer, "C(A)<B>:Test.kt")
  if (%composer.shouldExecute(%changed != 0, %changed and 0b0001)) {
    if (isTraceInProgress()) {
      traceEventStart(<>, %changed, -1, <>)
    }
    B(ComposableSingletons%TestKt.lambda%345062178, %composer, 0b0110)
    if (isTraceInProgress()) {
      traceEventEnd()
    }
  } else {
    %composer.skipToGroupEnd()
  }
  %composer.endRestartGroup()?.updateScope { %composer: Composer?, %force: Int ->
    A(%composer, updateChangedFlags(%changed or 0b0001))
  }
}
internal object ComposableSingletons%TestKt {
  val lambda%345062178: Function2<Composer, Int, Unit> = composableLambdaInstance(<>, false) { %composer: Composer?, %changed: Int ->
    sourceInformation(%composer, "C:Test.kt")
    if (%composer.shouldExecute(%changed and 0b0011 != 0b0010, %changed and 0b0001)) {
      if (isTraceInProgress()) {
        traceEventStart(<>, %changed, -1, <>)
      }
      Unit
      if (isTraceInProgress()) {
        traceEventEnd()
      }
    } else {
      %composer.skipToGroupEnd()
    }
  }
}
