//
// Source
// ------------------------------------------

import androidx.compose.runtime.*

@Composable
fun InferN() { N() }

//
// Transformed IR
// ------------------------------------------

@Composable
@ComposableTarget(applier = "NComposable")
fun InferN(%composer: Composer?, %changed: Int) {
  %composer = %composer.startRestartGroup(<>)
  sourceInformation(%composer, "C(InferN)<N()>:Test.kt")
  if (%changed != 0 || !%composer.skipping) {
    if (isTraceInProgress()) {
      traceEventStart(<>, %changed, -1, <>)
    }
    N(%composer, 0)
    if (isTraceInProgress()) {
      traceEventEnd()
    }
  } else {
    %composer.skipToGroupEnd()
  }
  %composer.endRestartGroup()?.updateScope { %composer: Composer?, %force: Int ->
    InferN(%composer, updateChangedFlags(%changed or 0b0001))
  }
}
