PsiJetFileStubImpl[package=]
  PACKAGE_DIRECTIVE
  IMPORT_LIST
  FUN[fqName=foo, hasBlockBody=true, hasBody=true, hasTypeParameterListBeforeFunctionName=false, isExtension=false, isTopLevel=true, mayHaveContract=false, name=foo]
    MODIFIER_LIST[]
      ANNOTATION
        ANNOTATION_ENTRY[hasValueArguments=false, shortName=Deprecated]
          CONSTRUCTOR_CALLEE
            TYPE_REFERENCE
              USER_TYPE
                USER_TYPE
                  USER_TYPE
                    REFERENCE_EXPRESSION[referencedName=java]
                  REFERENCE_EXPRESSION[referencedName=lang]
                REFERENCE_EXPRESSION[referencedName=Deprecated]
        ANNOTATION_ENTRY[hasValueArguments=false, shortName=Override]
          CONSTRUCTOR_CALLEE
            TYPE_REFERENCE
              USER_TYPE
                REFERENCE_EXPRESSION[referencedName=Override]
    VALUE_PARAMETER_LIST
