<manifest xmlns:android="http://schemas.android.com/apk/res/android"
          package="com.myapp"
          android:versionCode="1"
          android:versionName="1.0" >


    <application>
        <receiver android:name=".MyReceiver" />
    </application>
</manifest>