before: 0 after: 0
before: 2 after: 2
before: 4 after: 4
before: 6 after: 6
Got: 0 2 4 6
