Infinity 2147483647 -1
3.4028235E38
NAN2SHORT:: 0
2147483647 -1
FLOAT:: Infinity   INT:: 2147483647
FLOAT:: 1.7014117E38   INT:: 2147483647
FLOAT:: 3.4028235E38   INT:: 2147483647
FLOAT:: 3.14   INT:: 3
FLOAT:: NaN   INT:: 0
FLOAT:: -33333.125   INT:: -33333
FLOAT:: 1.4E-45   INT:: 0
FLOAT:: -Infinity   INT:: -2147483648
FLOAT:: -1.2   INT:: -1
FLOAT:: -12.6   INT:: -12
FLOAT:: 2.3   INT:: 2
OK
