//
// Source
// ------------------------------------------

import androidx.compose.runtime.Composable

val foo = @Composable {}
val bar: @Composable () -> Unit = {}

//
// Transformed IR
// ------------------------------------------

val foo: Function2<Composer, Int, Unit> = ComposableSingletons%TestKt.lambda-1
val bar: Function2<Composer, Int, Unit> = ComposableSingletons%TestKt.lambda-2
internal object ComposableSingletons%TestKt {
  val lambda-1: Function2<Composer, Int, Unit> = composableLambdaInstance(<>, false) { %composer: Composer?, %changed: Int ->
    sourceInformation(%composer, "C:Test.kt")
    if (%changed and 0b1011 != 0b0010 || !%composer.skipping) {
      if (isTraceInProgress()) {
        traceEventStart(<>, %changed, -1, <>)
      }
      Unit
      if (isTraceInProgress()) {
        traceEventEnd()
      }
    } else {
      %composer.skipToGroupEnd()
    }
  }
  val lambda-2: Function2<Composer, Int, Unit> = composableLambdaInstance(<>, false) { %composer: Composer?, %changed: Int ->
    sourceInformation(%composer, "C:Test.kt")
    if (%changed and 0b1011 != 0b0010 || !%composer.skipping) {
      if (isTraceInProgress()) {
        traceEventStart(<>, %changed, -1, <>)
      }
      Unit
      if (isTraceInProgress()) {
        traceEventEnd()
      }
    } else {
      %composer.skipToGroupEnd()
    }
  }
}
