//
// Source
// ------------------------------------------

@Composable fun Foo(content: @Composable () -> Unit) {
}
@Composable fun Bar() {
    Foo {}
}

//
// Transformed IR
// ------------------------------------------

public final class ComposableSingletons%TestKt {
  public <init>()V
  public final getLambda%33527924%test_module()Lkotlin/jvm/functions/Function2;
  static <clinit>()V
  public final static LComposableSingletons%TestKt; INSTANCE
  private static Lkotlin/jvm/functions/Function2; lambda%33527924
  final static INNERCLASS ComposableSingletons%TestKt%lambda%33527924%1 null null
}
final class ComposableSingletons%TestKt%lambda%33527924%1 implements kotlin/jvm/functions/Function2 {
  <init>()V
  public final invoke(Landroidx/compose/runtime/Composer;I)V
  public synthetic bridge invoke(Ljava/lang/Object;Ljava/lang/Object;)Ljava/lang/Object;
  static <clinit>()V
  public final static LComposableSingletons%TestKt%lambda%33527924%1; INSTANCE
  OUTERCLASS ComposableSingletons%TestKt null
  final static INNERCLASS ComposableSingletons%TestKt%lambda%33527924%1 null null
}
public final class TestKt {
  public final static Foo(Lkotlin/jvm/functions/Function2;Landroidx/compose/runtime/Composer;I)V
  public final static Bar(Landroidx/compose/runtime/Composer;I)V
  private final static Foo%lambda%0(Lkotlin/jvm/functions/Function2;ILandroidx/compose/runtime/Composer;I)Lkotlin/Unit;
  private final static Bar%lambda%1(ILandroidx/compose/runtime/Composer;I)Lkotlin/Unit;
}
