//
// Source
// ------------------------------------------

import androidx.compose.runtime.Composable
import androidx.compose.runtime.ReadOnlyComposable
import androidx.compose.runtime.key
import androidx.compose.runtime.NonRestartableComposable


@NonRestartableComposable @Composable
fun Example(items: Iterator<Int>) {
    while (items.hasNext()) {
        val i = items.next()
        P(i)
        if (i == 0) {
            break
        }
    }
}

//
// Transformed IR
// ------------------------------------------

@NonRestartableComposable
@Composable
fun Example(items: Iterator<Int>, %composer: Composer?, %changed: Int) {
  sourceInformationMarkerStart(%composer, <>, "C(Example):Test.kt")
  if (isTraceInProgress()) {
    traceEventStart(<>, %changed, -1, <>)
  }
  %composer.startReplaceGroup(<>)
  sourceInformation(%composer, "*<P(i)>")
  while (items.hasNext()) {
    val i = items.next()
    P(i, %composer, 0)
    if (i == 0) {
      break
    }
  }
  %composer.endReplaceGroup()
  if (isTraceInProgress()) {
    traceEventEnd()
  }
  sourceInformationMarkerEnd(%composer)
}
