//
// Source
// ------------------------------------------

@Composable fun Test(param1: String, param2: String) {
    Content {
        Content {
            Text(param1)
            Text(param2)
        }
    }
}

//
// Transformed IR
// ------------------------------------------

========= FunctionMeta: true, OptimizeGroups: true =========
TestKt {
    file: Test.kt
    Test(Ljava/lang/String;Ljava/lang/String;Landroidx/compose/runtime/Composer;I)V
        RestartGroup { key: <key>, line: 4 }
    Test$lambda$0$0(Ljava/lang/String;Ljava/lang/String;Landroidx/compose/runtime/Composer;I)Lkotlin/Unit;
        Root { key: <key>, line: 7 }
    Test$lambda$0(Ljava/lang/String;Ljava/lang/String;Landroidx/compose/runtime/Composer;I)Lkotlin/Unit;
        Root { key: <key>, line: 6 }
}

========= FunctionMeta: false, OptimizeGroups: true =========
TestKt {
    file: Test.kt
    Test(Ljava/lang/String;Ljava/lang/String;Landroidx/compose/runtime/Composer;I)V
        RestartGroup { key: <key>, line: 4 }
        Root { key: null, line: 4 }
    Test$lambda$0$0(Ljava/lang/String;Ljava/lang/String;Landroidx/compose/runtime/Composer;I)Lkotlin/Unit;
        Root { key: <key>, line: 7 }
    Test$lambda$0(Ljava/lang/String;Ljava/lang/String;Landroidx/compose/runtime/Composer;I)Lkotlin/Unit;
        Root { key: <key>, line: 6 }
}
